// Jest Snapshot v1, https://goo.gl/fbAQLP

exports[`MonsterSelectionContainer renders and matches snapshot 1`] = `
<div>
  Placeholder for Monster Selection
</div>
`;
